// Jest Snapshot v1, https://goo.gl/fbAQLP

exports[`The JsonFile class the read() method returns the contents of a JSON file when the path is valid 1`] = `
Object {
  "clockifyApiToken": "clockify123abc",
  "email": "testing@test.com",
  "togglApiToken": "toggl123abc",
  "workspaces": Array [
    Object {
      "name": "Test WS 1",
      "years": Array [
        2017,
        2018,
      ],
    },
    Object {
      "name": "Test WS 2",
      "years": Array [
        2017,
        2018,
      ],
    },
  ],
}
`;
